0 verbose cli /usr/local/bin/node /usr/local/bin/npm
1 info using npm@11.6.2
2 info using node@v24.11.1
3 silly config load:file:/usr/local/lib/node_modules/npm/npmrc
4 silly config load:file:/Users/tejaspatel/Rajasthan Mahendi/.npmrc
5 silly config load:file:/Users/tejaspatel/.npmrc
6 silly config load:file:/usr/local/etc/npmrc
7 verbose title npm install
8 verbose argv "install"
9 verbose logfile logs-max:10 dir:/Users/tejaspatel/Rajasthan Mahendi/npm-cache/_logs/2026-09-28T10_55_38_357Z-
10 verbose logfile /Users/tejaspatel/Rajasthan Mahendi/npm-cache/_logs/2026-09-28T10_55_38_357Z-debug-0.log
11 silly logfile start cleaning logs, removing 1 files
12 silly packumentCache heap:4496293888 maxSize:1124073472 maxEntrySize:562036736
13 silly logfile done cleaning log files
14 silly idealTree buildDeps
15 silly fetch manifest next@15.1.7
16 silly packumentCache full:https://registry.npmjs.org/next cache-miss
17 http fetch GET 403 https://registry.npmjs.org/next 33ms (cache skip)
18 silly placeDep ROOT next@ REPLACE for: rajasthan-mehendi-tattoo@1.0.0 want: 15.1.7
19 verbose stack HttpErrorGeneral: 403 Forbidden - GET https://registry.npmjs.org/next
19 verbose stack     at /usr/local/lib/node_modules/npm/node_modules/npm-registry-fetch/lib/check-response.js:103:15
19 verbose stack     at process.processTicksAndRejections (node:internal/process/task_queues:103:5)
19 verbose stack     at async RegistryFetcher.packument (/usr/local/lib/node_modules/npm/node_modules/pacote/lib/registry.js:90:19)
19 verbose stack     at async RegistryFetcher.manifest (/usr/local/lib/node_modules/npm/node_modules/pacote/lib/registry.js:128:23)
19 verbose stack     at async #fetchManifest (/usr/local/lib/node_modules/npm/node_modules/@npmcli/arborist/lib/arborist/build-ideal-tree.js:1227:20)
19 verbose stack     at async #nodeFromEdge (/usr/local/lib/node_modules/npm/node_modules/@npmcli/arborist/lib/arborist/build-ideal-tree.js:1065:19)
19 verbose stack     at async #buildDepStep (/usr/local/lib/node_modules/npm/node_modules/@npmcli/arborist/lib/arborist/build-ideal-tree.js:929:11)
19 verbose stack     at async Arborist.buildIdealTree (/usr/local/lib/node_modules/npm/node_modules/@npmcli/arborist/lib/arborist/build-ideal-tree.js:182:7)
19 verbose stack     at async Promise.all (index 1)
19 verbose stack     at async Arborist.reify (/usr/local/lib/node_modules/npm/node_modules/@npmcli/arborist/lib/arborist/reify.js:114:5)
20 verbose statusCode 403
21 verbose pkgid next@15.1.7
22 error code E403
23 error 403 403 Forbidden - GET https://registry.npmjs.org/next
24 error 403 In most cases, you or one of your dependencies are requesting
24 error 403 a package version that is forbidden by your security policy, or
24 error 403 on a server you do not have access to.
25 silly unfinished npm timer reify 1790592938581
26 silly unfinished npm timer reify:loadTrees 1790592938583
27 verbose cwd /Users/tejaspatel/Rajasthan Mahendi
28 verbose os Darwin 27.0.0
29 verbose node v24.11.1
30 verbose npm  v11.6.2
31 verbose exit 1
32 verbose code 1
33 error A complete log of this run can be found in: /Users/tejaspatel/Rajasthan Mahendi/npm-cache/_logs/2026-09-28T10_55_38_357Z-debug-0.log
