0 verbose cli /usr/local/bin/node /usr/local/bin/npm
1 info using npm@11.6.2
2 info using node@v24.11.1
3 silly config load:file:/usr/local/lib/node_modules/npm/npmrc
4 silly config load:file:/Users/tejaspatel/Rajasthan Mahendi/.npmrc
5 silly config load:file:/Users/tejaspatel/.npmrc
6 silly config load:file:/usr/local/etc/npmrc
7 verbose title npm install
8 verbose argv "install"
9 verbose logfile logs-max:10 dir:/Users/tejaspatel/Rajasthan Mahendi/npm-cache/_logs/2026-09-28T10_55_54_178Z-
10 verbose logfile /Users/tejaspatel/Rajasthan Mahendi/npm-cache/_logs/2026-09-28T10_55_54_178Z-debug-0.log
11 silly logfile start cleaning logs, removing 1 files
12 silly packumentCache heap:4496293888 maxSize:1124073472 maxEntrySize:562036736
13 silly logfile done cleaning log files
14 silly idealTree buildDeps
15 silly fetch manifest next@15.1.7
16 silly packumentCache full:https://registry.npmjs.org/next cache-miss
17 http fetch GET 200 https://registry.npmjs.org/next 189ms (cache revalidated)
18 silly packumentCache full:https://registry.npmjs.org/next set size:31323623 disposed:false
19 silly fetch manifest @opentelemetry/api@^1.1.0
20 silly packumentCache full:https://registry.npmjs.org/@opentelemetry%2fapi cache-miss
21 http fetch GET 200 https://registry.npmjs.org/@opentelemetry%2fapi 42ms (cache revalidated)
22 silly packumentCache full:https://registry.npmjs.org/@opentelemetry%2fapi set size:272967 disposed:false
23 silly fetch manifest @playwright/test@^1.41.2
24 silly packumentCache full:https://registry.npmjs.org/@playwright%2ftest cache-miss
25 http fetch GET 200 https://registry.npmjs.org/@playwright%2ftest 308ms (cache updated)
26 silly packumentCache full:https://registry.npmjs.org/@playwright%2ftest set size:undefined disposed:false
27 silly fetch manifest babel-plugin-react-compiler@*
28 silly packumentCache full:https://registry.npmjs.org/babel-plugin-react-compiler cache-miss
29 http fetch GET 200 https://registry.npmjs.org/babel-plugin-react-compiler 36ms (cache revalidated)
30 silly packumentCache full:https://registry.npmjs.org/babel-plugin-react-compiler set size:1356999 disposed:false
31 silly fetch manifest react@^19.0.0
32 silly packumentCache full:https://registry.npmjs.org/react cache-miss
33 http fetch GET 200 https://registry.npmjs.org/react 38ms (cache revalidated)
34 silly packumentCache full:https://registry.npmjs.org/react set size:7006748 disposed:false
35 silly fetch manifest react-dom@^19.0.0
36 silly packumentCache full:https://registry.npmjs.org/react-dom cache-miss
37 http fetch GET 200 https://registry.npmjs.org/react-dom 40ms (cache revalidated)
38 silly packumentCache full:https://registry.npmjs.org/react-dom set size:9440025 disposed:false
39 silly fetch manifest sass@^1.3.0
40 silly packumentCache full:https://registry.npmjs.org/sass cache-miss
41 http fetch GET 200 https://registry.npmjs.org/sass 32ms (cache revalidated)
42 silly packumentCache full:https://registry.npmjs.org/sass set size:754556 disposed:false
43 silly placeDep ROOT next@15.1.7 REPLACE for: rajasthan-mehendi-tattoo@1.0.0 want: 15.1.7
44 silly fetch manifest @next/env@15.1.7
45 silly packumentCache full:https://registry.npmjs.org/@next%2fenv cache-miss
46 silly fetch manifest @next/swc-darwin-x64@15.1.7
47 silly packumentCache full:https://registry.npmjs.org/@next%2fswc-darwin-x64 cache-miss
48 silly fetch manifest @next/swc-darwin-arm64@15.1.7
49 silly packumentCache full:https://registry.npmjs.org/@next%2fswc-darwin-arm64 cache-miss
50 silly fetch manifest @next/swc-linux-x64-gnu@15.1.7
51 silly packumentCache full:https://registry.npmjs.org/@next%2fswc-linux-x64-gnu cache-miss
52 silly fetch manifest @next/swc-linux-x64-musl@15.1.7
53 silly packumentCache full:https://registry.npmjs.org/@next%2fswc-linux-x64-musl cache-miss
54 silly fetch manifest @next/swc-win32-x64-msvc@15.1.7
55 silly packumentCache full:https://registry.npmjs.org/@next%2fswc-win32-x64-msvc cache-miss
56 silly fetch manifest @next/swc-linux-arm64-gnu@15.1.7
57 silly packumentCache full:https://registry.npmjs.org/@next%2fswc-linux-arm64-gnu cache-miss
58 silly fetch manifest @next/swc-linux-arm64-musl@15.1.7
59 silly packumentCache full:https://registry.npmjs.org/@next%2fswc-linux-arm64-musl cache-miss
60 silly fetch manifest @next/swc-win32-arm64-msvc@15.1.7
61 silly packumentCache full:https://registry.npmjs.org/@next%2fswc-win32-arm64-msvc cache-miss
62 http fetch GET 200 https://registry.npmjs.org/@next%2fenv 124ms (cache revalidated)
63 silly packumentCache full:https://registry.npmjs.org/@next%2fenv set size:7737709 disposed:false
64 http fetch GET 200 https://registry.npmjs.org/@next%2fswc-win32-arm64-msvc 157ms (cache revalidated)
65 silly packumentCache full:https://registry.npmjs.org/@next%2fswc-win32-arm64-msvc set size:5516815 disposed:false
66 http fetch GET 200 https://registry.npmjs.org/@next%2fswc-win32-x64-msvc 173ms (cache revalidated)
67 silly packumentCache full:https://registry.npmjs.org/@next%2fswc-win32-x64-msvc set size:5700847 disposed:false
68 http fetch GET 200 https://registry.npmjs.org/@next%2fswc-linux-x64-musl 188ms (cache revalidated)
69 silly packumentCache full:https://registry.npmjs.org/@next%2fswc-linux-x64-musl set size:5486140 disposed:false
70 http fetch GET 200 https://registry.npmjs.org/@next%2fswc-darwin-arm64 202ms (cache revalidated)
71 silly packumentCache full:https://registry.npmjs.org/@next%2fswc-darwin-arm64 set size:5676009 disposed:false
72 http fetch GET 200 https://registry.npmjs.org/@next%2fswc-linux-x64-gnu 221ms (cache revalidated)
73 silly packumentCache full:https://registry.npmjs.org/@next%2fswc-linux-x64-gnu set size:5730572 disposed:false
74 http fetch GET 200 https://registry.npmjs.org/@next%2fswc-linux-arm64-gnu 233ms (cache revalidated)
75 silly packumentCache full:https://registry.npmjs.org/@next%2fswc-linux-arm64-gnu set size:5535899 disposed:false
76 http fetch GET 200 https://registry.npmjs.org/@next%2fswc-linux-arm64-musl 245ms (cache revalidated)
77 silly packumentCache full:https://registry.npmjs.org/@next%2fswc-linux-arm64-musl set size:5555783 disposed:false
78 http fetch GET 200 https://registry.npmjs.org/@next%2fswc-darwin-x64 305ms (cache revalidated)
79 silly packumentCache full:https://registry.npmjs.org/@next%2fswc-darwin-x64 set size:5614924 disposed:false
80 silly placeDep ROOT @next/env@15.1.7 OK for: next@15.1.7 want: 15.1.7
81 silly placeDep ROOT @next/swc-darwin-arm64@15.1.7 OK for: next@15.1.7 want: 15.1.7
82 silly placeDep ROOT @next/swc-darwin-x64@15.1.7 OK for: next@15.1.7 want: 15.1.7
83 silly placeDep ROOT @next/swc-linux-arm64-gnu@15.1.7 OK for: next@15.1.7 want: 15.1.7
84 silly placeDep ROOT @next/swc-linux-arm64-musl@15.1.7 OK for: next@15.1.7 want: 15.1.7
85 silly placeDep ROOT @next/swc-linux-x64-gnu@15.1.7 OK for: next@15.1.7 want: 15.1.7
86 silly placeDep ROOT @next/swc-linux-x64-musl@15.1.7 OK for: next@15.1.7 want: 15.1.7
87 silly placeDep ROOT @next/swc-win32-arm64-msvc@15.1.7 OK for: next@15.1.7 want: 15.1.7
88 silly placeDep ROOT @next/swc-win32-x64-msvc@15.1.7 OK for: next@15.1.7 want: 15.1.7
89 silly reify mark retired [ '/Users/tejaspatel/Rajasthan Mahendi/node_modules/@next/env' ]
90 silly reify mark retired [
90 silly reify   '/Users/tejaspatel/Rajasthan Mahendi/node_modules/@next/swc-darwin-arm64'
90 silly reify ]
91 silly reify mark retired [
91 silly reify   '/Users/tejaspatel/Rajasthan Mahendi/node_modules/next',
91 silly reify   '/Users/tejaspatel/Rajasthan Mahendi/node_modules/.bin/next'
91 silly reify ]
92 silly reify moves {
92 silly reify   '/Users/tejaspatel/Rajasthan Mahendi/node_modules/@next/env': '/Users/tejaspatel/Rajasthan Mahendi/node_modules/@next/.env-v02eOoew',
92 silly reify   '/Users/tejaspatel/Rajasthan Mahendi/node_modules/@next/swc-darwin-arm64': '/Users/tejaspatel/Rajasthan Mahendi/node_modules/@next/.swc-darwin-arm64-25QTAXwx',
92 silly reify   '/Users/tejaspatel/Rajasthan Mahendi/node_modules/next': '/Users/tejaspatel/Rajasthan Mahendi/node_modules/.next-w0hi1bRB',
92 silly reify   '/Users/tejaspatel/Rajasthan Mahendi/node_modules/.bin/next': '/Users/tejaspatel/Rajasthan Mahendi/node_modules/.bin/.next-m6mtZqGA'
92 silly reify }
93 silly audit bulk request {
93 silly audit   '@alloc/quick-lru': [ '5.3.0' ],
93 silly audit   '@emnapi/runtime': [ '1.11.3' ],
93 silly audit   '@img/sharp-darwin-arm64': [ '0.33.5' ],
93 silly audit   '@img/sharp-darwin-x64': [ '0.33.5' ],
93 silly audit   '@img/sharp-libvips-darwin-arm64': [ '1.0.4' ],
93 silly audit   '@img/sharp-libvips-darwin-x64': [ '1.0.4' ],
93 silly audit   '@img/sharp-libvips-linux-arm': [ '1.0.5' ],
93 silly audit   '@img/sharp-libvips-linux-arm64': [ '1.0.4' ],
93 silly audit   '@img/sharp-libvips-linux-s390x': [ '1.0.4' ],
93 silly audit   '@img/sharp-libvips-linux-x64': [ '1.0.4' ],
93 silly audit   '@img/sharp-libvips-linuxmusl-arm64': [ '1.0.4' ],
93 silly audit   '@img/sharp-libvips-linuxmusl-x64': [ '1.0.4' ],
93 silly audit   '@img/sharp-linux-arm': [ '0.33.5' ],
93 silly audit   '@img/sharp-linux-arm64': [ '0.33.5' ],
93 silly audit   '@img/sharp-linux-s390x': [ '0.33.5' ],
93 silly audit   '@img/sharp-linux-x64': [ '0.33.5' ],
93 silly audit   '@img/sharp-linuxmusl-arm64': [ '0.33.5' ],
93 silly audit   '@img/sharp-linuxmusl-x64': [ '0.33.5' ],
93 silly audit   '@img/sharp-wasm32': [ '0.33.5' ],
93 silly audit   '@img/sharp-win32-ia32': [ '0.33.5' ],
93 silly audit   '@img/sharp-win32-x64': [ '0.33.5' ],
93 silly audit   '@jridgewell/gen-mapping': [ '0.3.13' ],
93 silly audit   '@jridgewell/resolve-uri': [ '3.1.2' ],
93 silly audit   '@jridgewell/sourcemap-codec': [ '1.6.0' ],
93 silly audit   '@jridgewell/trace-mapping': [ '0.3.31' ],
93 silly audit   '@nodelib/fs.scandir': [ '2.1.5' ],
93 silly audit   '@nodelib/fs.stat': [ '2.0.5' ],
93 silly audit   '@nodelib/fs.walk': [ '1.2.8' ],
93 silly audit   '@swc/counter': [ '0.1.3' ],
93 silly audit   '@swc/helpers': [ '0.5.15' ],
93 silly audit   '@types/canvas-confetti': [ '1.9.0' ],
93 silly audit   '@types/node': [ '20.19.43' ],
93 silly audit   '@types/react': [ '19.3.0' ],
93 silly audit   '@types/react-dom': [ '19.3.0' ],
93 silly audit   'any-promise': [ '1.3.0' ],
93 silly audit   anymatch: [ '3.1.3' ],
93 silly audit   arg: [ '5.0.2' ],
93 silly audit   autoprefixer: [ '10.6.1' ],
93 silly audit   'baseline-browser-mapping': [ '2.11.26' ],
93 silly audit   'binary-extensions': [ '2.3.0' ],
93 silly audit   braces: [ '3.0.3' ],
93 silly audit   browserslist: [ '4.29.1' ],
93 silly audit   busboy: [ '1.6.0' ],
93 silly audit   'camelcase-css': [ '2.0.1' ],
93 silly audit   'caniuse-lite': [ '1.0.30001812' ],
93 silly audit   'canvas-confetti': [ '1.9.4' ],
93 silly audit   chokidar: [ '3.6.0' ],
93 silly audit   'glob-parent': [ '5.1.2', '6.0.2' ],
93 silly audit   'client-only': [ '0.0.1' ],
93 silly audit   clsx: [ '2.1.1' ],
93 silly audit   color: [ '4.2.3' ],
93 silly audit   'color-convert': [ '2.0.1' ],
93 silly audit   'color-name': [ '1.1.4' ],
93 silly audit   'color-string': [ '1.9.1' ],
93 silly audit   commander: [ '4.1.1' ],
93 silly audit   cssesc: [ '3.0.0' ],
93 silly audit   csstype: [ '3.2.3' ],
93 silly audit   'detect-libc': [ '2.1.2' ],
93 silly audit   didyoumean: [ '1.2.2' ],
93 silly audit   dlv: [ '1.1.3' ],
93 silly audit   'electron-to-chromium': [ '1.5.439' ],
93 silly audit   'es-errors': [ '1.3.0' ],
93 silly audit   escalade: [ '3.2.0' ],
93 silly audit   'fast-glob': [ '3.3.3' ],
93 silly audit   fastq: [ '1.20.3' ],
93 silly audit   'fill-range': [ '7.1.1' ],
93 silly audit   'fraction.js': [ '5.3.4' ],
93 silly audit   'framer-motion': [ '11.18.2' ],
93 silly audit   fsevents: [ '2.3.3' ],
93 silly audit   'function-bind': [ '1.1.2' ],
93 silly audit   hasown: [ '2.0.4' ],
93 silly audit   'is-arrayish': [ '0.3.4' ],
93 silly audit   'is-binary-path': [ '2.1.0' ],
93 silly audit   'is-core-module': [ '2.17.0' ],
93 silly audit   'is-extglob': [ '2.1.1' ],
93 silly audit   'is-glob': [ '4.0.3' ],
93 silly audit   'is-number': [ '7.0.0' ],
93 silly audit   jiti: [ '1.21.7' ],
93 silly audit   lilconfig: [ '3.1.3' ],
93 silly audit   'lines-and-columns': [ '1.2.4' ],
93 silly audit   'lucide-react': [ '0.469.0' ],
93 silly audit   merge2: [ '1.4.1' ],
93 silly audit   micromatch: [ '4.0.8' ],
93 silly audit   'motion-dom': [ '11.18.1' ],
93 silly audit   'motion-utils': [ '11.18.1' ],
93 silly audit   mz: [ '2.7.0' ],
93 silly audit   nanoid: [ '3.3.19' ],
93 silly audit   postcss: [ '8.5.28', '8.4.31' ],
93 silly audit   'node-releases': [ '2.0.57' ],
93 silly audit   'normalize-path': [ '3.0.0' ],
93 silly audit   'object-assign': [ '4.1.1' ],
93 silly audit   'object-hash': [ '3.0.0' ],
93 silly audit   'path-parse': [ '1.0.7' ],
93 silly audit   picocolors: [ '1.1.1' ],
93 silly audit   picomatch: [ '2.3.2', '4.0.7' ],
93 silly audit   pirates: [ '4.0.7' ],
93 silly audit   'postcss-import': [ '15.1.0' ],
93 silly audit   'postcss-js': [ '4.1.0' ],
93 silly audit   'postcss-load-config': [ '6.0.1' ],
93 silly audit   'postcss-nested': [ '6.2.0' ],
93 silly audit   'postcss-selector-parser': [ '6.1.4' ],
93 silly audit   'postcss-value-parser': [ '4.2.0' ],
93 silly audit   'queue-microtask': [ '1.2.3' ],
93 silly audit   react: [ '19.3.0' ],
93 silly audit   'react-dom': [ '19.3.0' ],
93 silly audit   'read-cache': [ '1.0.2' ],
93 silly audit   readdirp: [ '3.6.0' ],
93 silly audit   resolve: [ '1.22.12' ],
93 silly audit   reusify: [ '1.1.0' ],
93 silly audit   'run-parallel': [ '1.2.0' ],
93 silly audit   scheduler: [ '0.28.0' ],
93 silly audit   semver: [ '7.8.5' ],
93 silly audit   sharp: [ '0.33.5' ],
93 silly audit   'simple-swizzle': [ '0.2.4' ],
93 silly audit   'source-map-js': [ '1.2.1' ],
93 silly audit   streamsearch: [ '1.1.0' ],
93 silly audit   'styled-jsx': [ '5.1.6' ],
93 silly audit   sucrase: [ '3.35.1' ],
93 silly audit   'supports-preserve-symlinks-flag': [ '1.0.0' ],
93 silly audit   'tailwind-merge': [ '2.6.1' ],
93 silly audit   tailwindcss: [ '3.4.19' ],
93 silly audit   thenify: [ '3.3.1' ],
93 silly audit   'thenify-all': [ '1.6.0' ],
93 silly audit   tinyglobby: [ '0.2.17' ],
93 silly audit   fdir: [ '6.5.0' ],
93 silly audit   'to-regex-range': [ '5.0.1' ],
93 silly audit   'ts-interface-checker': [ '0.1.13' ],
93 silly audit   tslib: [ '2.8.1' ],
93 silly audit   typescript: [ '5.9.3' ],
93 silly audit   'undici-types': [ '6.21.0' ],
93 silly audit   'update-browserslist-db': [ '1.3.3' ],
93 silly audit   'util-deprecate': [ '1.0.2' ],
93 silly audit   next: [ '15.1.7' ],
93 silly audit   '@next/env': [ '15.1.7' ],
93 silly audit   '@next/swc-darwin-arm64': [ '15.1.7' ],
93 silly audit   '@next/swc-darwin-x64': [ '15.1.7' ],
93 silly audit   '@next/swc-linux-arm64-gnu': [ '15.1.7' ],
93 silly audit   '@next/swc-linux-arm64-musl': [ '15.1.7' ],
93 silly audit   '@next/swc-linux-x64-gnu': [ '15.1.7' ],
93 silly audit   '@next/swc-linux-x64-musl': [ '15.1.7' ],
93 silly audit   '@next/swc-win32-arm64-msvc': [ '15.1.7' ],
93 silly audit   '@next/swc-win32-x64-msvc': [ '15.1.7' ]
93 silly audit }
94 http cache next@https://registry.npmjs.org/next/-/next-15.1.7.tgz 0ms (cache hit)
95 http cache @next/swc-darwin-arm64@https://registry.npmjs.org/@next/swc-darwin-arm64/-/swc-darwin-arm64-15.1.7.tgz 0ms (cache hit)
96 http cache @next/env@https://registry.npmjs.org/@next/env/-/env-15.1.7.tgz 0ms (cache hit)
97 silly tarball no local data for next@https://registry.npmjs.org/next/-/next-15.1.7.tgz. Extracting by manifest.
98 silly tarball no local data for @next/swc-darwin-arm64@https://registry.npmjs.org/@next/swc-darwin-arm64/-/swc-darwin-arm64-15.1.7.tgz. Extracting by manifest.
99 silly tarball no local data for @next/env@https://registry.npmjs.org/@next/env/-/env-15.1.7.tgz. Extracting by manifest.
100 http fetch POST 200 https://registry.npmjs.org/-/npm/v1/security/advisories/bulk 291ms
101 silly audit report {
101 silly audit report   postcss: [
101 silly audit report     {
101 silly audit report       id: 1130709,
101 silly audit report       url: 'https://github.com/advisories/GHSA-fxqj-rqcc-2cmp',
101 silly audit report       title: 'PostCSS: incomplete fix of GHSA-6g55-p6wh-862q — attacker-controlled sourceMappingURL reads arbitrary .map files when `from` is unset',
101 silly audit report       severity: 'moderate',
101 silly audit report       vulnerable_versions: '<=8.5.22',
101 silly audit report       cwe: [Array],
101 silly audit report       cvss: [Object]
101 silly audit report     },
101 silly audit report     {
101 silly audit report       id: 1117015,
101 silly audit report       url: 'https://github.com/advisories/GHSA-qx2v-qp2m-jg93',
101 silly audit report       title: 'PostCSS has XSS via Unescaped </style> in its CSS Stringify Output',
101 silly audit report       severity: 'moderate',
101 silly audit report       vulnerable_versions: '<8.5.10',
101 silly audit report       cwe: [Array],
101 silly audit report       cvss: [Object]
101 silly audit report     },
101 silly audit report     {
101 silly audit report       id: 1124252,
101 silly audit report       url: 'https://github.com/advisories/GHSA-6g55-p6wh-862q',
101 silly audit report       title: 'PostCSS: Arbitrary file read and information disclosure via attacker-controlled sourceMappingURL in CSS comments',
101 silly audit report       severity: 'high',
101 silly audit report       vulnerable_versions: '<=8.5.11',
101 silly audit report       cwe: [Array],
101 silly audit report       cvss: [Object]
101 silly audit report     },
101 silly audit report     {
101 silly audit report       id: 1139510,
101 silly audit report       url: 'https://github.com/advisories/GHSA-r28c-9q8g-f849',
101 silly audit report       title: 'PostCSS: Path Traversal in Previous Source Map Auto-Loading (sourceMappingURL) leads to Arbitrary .map File Disclosure',
101 silly audit report       severity: 'high',
101 silly audit report       vulnerable_versions: '<=8.5.17',
101 silly audit report       cwe: [Array],
101 silly audit report       cvss: [Object]
101 silly audit report     }
101 silly audit report   ],
101 silly audit report   sharp: [
101 silly audit report     {
101 silly audit report       id: 1124066,
101 silly audit report       url: 'https://github.com/advisories/GHSA-f88m-g3jw-g9cj',
101 silly audit report       title: 'sharp inherited vulnerabilities in libvips: CVE-2026-33327, CVE-2026-33328, CVE-2026-35590, CVE-2026-35591',
101 silly audit report       severity: 'high',
101 silly audit report       vulnerable_versions: '<0.35.0',
101 silly audit report       cwe: [Array],
101 silly audit report       cvss: [Object]
101 silly audit report     },
101 silly audit report     {
101 silly audit report       id: 1193725,
101 silly audit report       url: 'https://github.com/advisories/GHSA-rgj7-g3m4-5g8c',
101 silly audit report       title: 'sharp: Vulnerabilities in libheif: GHSA-g89c-p67h-r497 and GHSA-2jg2-4ch7-h545',
101 silly audit report       severity: 'high',
101 silly audit report       vulnerable_versions: '<0.35.4',
101 silly audit report       cwe: [Array],
101 silly audit report       cvss: [Object]
101 silly audit report     }
101 silly audit report   ],
101 silly audit report   next: [
101 silly audit report     {
101 silly audit report       id: 1117931,
101 silly audit report       url: 'https://github.com/advisories/GHSA-8h8q-6873-q5fj',
101 silly audit report       title: 'Next.js Vulnerable to Denial of Service with Server Components',
101 silly audit report       severity: 'high',
101 silly audit report       vulnerable_versions: '>=13.0.0 <15.5.16',
101 silly audit report       cwe: [Array],
101 silly audit report       cvss: [Object]
101 silly audit report     },
101 silly audit report     {
101 silly audit report       id: 1105462,
101 silly audit report       url: 'https://github.com/advisories/GHSA-3h52-269p-cp9r',
101 silly audit report       title: 'Information exposure in Next.js dev server due to lack of origin verification',
101 silly audit report       severity: 'low',
101 silly audit report       vulnerable_versions: '>=15.0.0 <15.2.2',
101 silly audit report       cwe: [Array],
101 silly audit report       cvss: [Object]
101 silly audit report     },
101 silly audit report     {
101 silly audit report       id: 1105948,
101 silly audit report       url: 'https://github.com/advisories/GHSA-67rr-84xm-4c7r',
101 silly audit report       title: 'Next.JS vulnerability can lead to DoS via cache poisoning ',
101 silly audit report       severity: 'high',
101 silly audit report       vulnerable_versions: '>=15.0.4-canary.51 <15.1.8',
101 silly audit report       cwe: [Array],
101 silly audit report       cvss: [Object]
101 silly audit report     },
101 silly audit report     {
101 silly audit report       id: 1111367,
101 silly audit report       url: 'https://github.com/advisories/GHSA-9qr9-h5gf-34mp',
101 silly audit report       title: 'Next.js is vulnerable to RCE in React flight protocol',
101 silly audit report       severity: 'critical',
101 silly audit report       vulnerable_versions: '>=15.1.0-canary.0 <15.1.9',
101 silly audit report       cwe: [Array],
101 silly audit report       cvss: [Object]
101 silly audit report     },
101 silly audit report     {
101 silly audit report       id: 1111380,
101 silly audit report       url: 'https://github.com/advisories/GHSA-w37m-7fhw-fmv9',
101 silly audit report       title: 'Next Server Actions Source Code Exposure ',
101 silly audit report       severity: 'moderate',
101 silly audit report       vulnerable_versions: '>=15.1.1-canary.0 <15.1.10',
101 silly audit report       cwe: [Array],
101 silly audit report       cvss: [Object]
101 silly audit report     },
101 silly audit report     {
101 silly audit report       id: 1111389,
101 silly audit report       url: 'https://github.com/advisories/GHSA-mwv6-3258-q52c',
101 silly audit report       title: 'Next Vulnerable to Denial of Service with Server Components',
101 silly audit report       severity: 'high',
101 silly audit report       vulnerable_versions: '>=15.1.1-canary.0 <15.1.10',
101 silly audit report       cwe: [Array],
101 silly audit report       cvss: [Object]
101 silly audit report     },
101 silly audit report     {
101 silly audit report       id: 1107228,
101 silly audit report       url: 'https://github.com/advisories/GHSA-g5qg-72qw-gw5v',
101 silly audit report       title: 'Next.js Affected by Cache Key Confusion for Image Optimization API Routes',
101 silly audit report       severity: 'moderate',
101 silly audit report       vulnerable_versions: '>=15.0.0 <=15.4.4',
101 silly audit report       cwe: [Array],
101 silly audit report       cvss: [Object]
101 silly audit report     },
101 silly audit report     {
101 silly audit report       id: 1107514,
101 silly audit report       url: 'https://github.com/advisories/GHSA-xv57-4mr9-wg8v',
101 silly audit report       title: 'Next.js Content Injection Vulnerability for Image Optimization',
101 silly audit report       severity: 'moderate',
101 silly audit report       vulnerable_versions: '>=15.0.0 <=15.4.4',
101 silly audit report       cwe: [Array],
101 silly audit report       cvss: [Object]
101 silly audit report     },
101 silly audit report     {
101 silly audit report       id: 1107515,
101 silly audit report       url: 'https://github.com/advisories/GHSA-4342-x723-ch2f',
101 silly audit report       title: 'Next.js Improper Middleware Redirect Handling Leads to SSRF',
101 silly audit report       severity: 'moderate',
101 silly audit report       vulnerable_versions: '>=15.0.0-canary.0 <15.4.7',
101 silly audit report       cwe: [Array],
101 silly audit report       cvss: [Object]
101 silly audit report     },
101 silly audit report     {
101 silly audit report       id: 1118942,
101 silly audit report       url: 'https://github.com/advisories/GHSA-3g8h-86w9-wvmq',
101 silly audit report       title: "Next.js's Middleware / Proxy redirects can be cache-poisoned",
101 silly audit report       severity: 'low',
101 silly audit report       vulnerable_versions: '>=12.2.0 <15.5.16',
101 silly audit report       cwe: [Array],
101 silly audit report       cvss: [Object]
101 silly audit report     },
101 silly audit report     {
101 silly audit report       id: 1118944,
101 silly audit report       url: 'https://github.com/advisories/GHSA-ffhc-5mcf-pf4q',
101 silly audit report       title: 'Next.js vulnerable to cross-site scripting in App Router applications using CSP nonces',
101 silly audit report       severity: 'moderate',
101 silly audit report       vulnerable_versions: '>=13.4.0 <15.5.16',
101 silly audit report       cwe: [Array],
101 silly audit report       cvss: [Object]
101 silly audit report     },
101 silly audit report     {
101 silly audit report       id: 1118946,
101 silly audit report       url: 'https://github.com/advisories/GHSA-vfv6-92ff-j949',
101 silly audit report       title: 'Next.js vulnerable to cache poisoning via collisions in React Server Component cache-busting',
101 silly audit report       severity: 'low',
101 silly audit report       vulnerable_versions: '>=13.4.6 <15.5.16',
101 silly audit report       cwe: [Array],
101 silly audit report       cvss: [Object]
101 silly audit report     },
101 silly audit report     {
101 silly audit report       id: 1118948,
101 silly audit report       url: 'https://github.com/advisories/GHSA-gx5p-jg67-6x7h',
101 silly audit report       title: 'Next.js has cross-site scripting in beforeInteractive scripts with untrusted input',
101 silly audit report       severity: 'moderate',
101 silly audit report       vulnerable_versions: '>=13.0.0 <15.5.16',
101 silly audit report       cwe: [Array],
101 silly audit report       cvss: [Object]
101 silly audit report     },
101 silly audit report     {
101 silly audit report       id: 1118950,
101 silly audit report       url: 'https://github.com/advisories/GHSA-mg66-mrh9-m8jx',
101 silly audit report       title: 'Next.js vulnerable to Denial of Service via connection exhaustion in applications using Cache Components',
101 silly audit report       severity: 'high',
101 silly audit report       vulnerable_versions: '>=15.0.0 <15.5.16',
101 silly audit report       cwe: [Array],
101 silly audit report       cvss: [Object]
101 silly audit report     },
101 silly audit report     {
101 silly audit report       id: 1118952,
101 silly audit report       url: 'https://github.com/advisories/GHSA-h64f-5h5j-jqjh',
101 silly audit report       title: 'Next.js has a Denial of Service in the Image Optimization API',
101 silly audit report       severity: 'moderate',
101 silly audit report       vulnerable_versions: '>=10.0.0 <15.5.16',
101 silly audit report       cwe: [Array],
101 silly audit report       cvss: [Object]
101 silly audit report     },
101 silly audit report     {
101 silly audit report       id: 1118954,
101 silly audit report       url: 'https://github.com/advisories/GHSA-c4j6-fc7j-m34r',
101 silly audit report       title: 'Next.js vulnerable to server-side request forgery in applications using WebSocket upgrades',
101 silly audit report       severity: 'high',
101 silly audit report       vulnerable_versions: '>=13.4.13 <15.5.16',
101 silly audit report       cwe: [Array],
101 silly audit report       cvss: [Object]
101 silly audit report     },
101 silly audit report     {
101 silly audit report       id: 1118958,
101 silly audit report       url: 'https://github.com/advisories/GHSA-wfc6-r584-vfw7',
101 silly audit report       title: 'Next.js vulnerable to cache poisoning in React Server Component responses',
101 silly audit report       severity: 'moderate',
101 silly audit report       vulnerable_versions: '>=14.2.0 <15.5.16',
101 silly audit report       cwe: [Array],
101 silly audit report       cvss: [Object]
101 silly audit report     },
101 silly audit report     {
101 silly audit report       id: 1118962,
101 silly audit report       url: 'https://github.com/advisories/GHSA-36qx-fr4f-26g5',
101 silly audit report       title: 'Next.js has a Middleware / Proxy bypass in Pages Router applications using i18n',
101 silly audit report       severity: 'high',
101 silly audit report       vulnerable_versions: '>=12.2.0 <15.5.16',
101 silly audit report       cwe: [Array],
101 silly audit report       cvss: [Object]
101 silly audit report     },
101 silly audit report     {
101 silly audit report       id: 1112593,
101 silly audit report       url: 'https://github.com/advisories/GHSA-9g9p-9gw9-jx7f',
101 silly audit report       title: 'Next.js self-hosted applications vulnerable to DoS via Image Optimizer remotePatterns configuration',
101 silly audit report       severity: 'moderate',
101 silly audit report       vulnerable_versions: '>=10.0.0 <15.5.10',
101 silly audit report       cwe: [Array],
101 silly audit report       cvss: [Object]
101 silly audit report     },
101 silly audit report     {
101 silly audit report       id: 1112652,
101 silly audit report       url: 'https://github.com/advisories/GHSA-h25m-26qc-wcjf',
101 silly audit report       title: 'Next.js HTTP request deserialization can lead to DoS when using insecure React Server Components',
101 silly audit report       severity: 'high',
101 silly audit report       vulnerable_versions: '>=15.1.1-canary.0 <15.1.12',
101 silly audit report       cwe: [Array],
101 silly audit report       cvss: [Object]
101 silly audit report     },
101 silly audit report     {
101 silly audit report       id: 1113688,
101 silly audit report       url: 'https://github.com/advisories/GHSA-f82v-jwr5-mffw',
101 silly audit report       title: 'Authorization Bypass in Next.js Middleware',
101 silly audit report       severity: 'critical',
101 silly audit report       vulnerable_versions: '>=15.0.0 <15.2.3',
101 silly audit report       cwe: [Array],
101 silly audit report       cvss: [Object]
101 silly audit report     },
101 silly audit report     {
101 silly audit report       id: 1114897,
101 silly audit report       url: 'https://github.com/advisories/GHSA-ggv3-7p47-pfv8',
101 silly audit report       title: 'Next.js: HTTP request smuggling in rewrites',
101 silly audit report       severity: 'moderate',
101 silly audit report       vulnerable_versions: '>=9.5.0 <15.5.13',
101 silly audit report       cwe: [Array],
101 silly audit report       cvss: [Object]
101 silly audit report     },
101 silly audit report     {
101 silly audit report       id: 1114940,
101 silly audit report       url: 'https://github.com/advisories/GHSA-3x4c-7xq6-9pq8',
101 silly audit report       title: 'Next.js: Unbounded next/image disk cache growth can exhaust storage',
101 silly audit report       severity: 'moderate',
101 silly audit report       vulnerable_versions: '>=10.0.0 <15.5.14',
101 silly audit report       cwe: [Array],
101 silly audit report       cvss: [Object]
101 silly audit report     },
101 silly audit report     {
101 silly audit report       id: 1116376,
101 silly audit report       url: 'https://github.com/advisories/GHSA-q4gf-8mx6-v5v3',
101 silly audit report       title: 'Next.js has a Denial of Service with Server Components',
101 silly audit report       severity: 'high',
101 silly audit report       vulnerable_versions: '>=13.0.0 <15.5.15',
101 silly audit report       cwe: [Array],
101 silly audit report       cvss: [Object]
101 silly audit report     },
101 silly audit report     {
101 silly audit report       id: 1124185,
101 silly audit report       url: 'https://github.com/advisories/GHSA-89xv-2m56-2m9x',
101 silly audit report       title: 'Next.js: Server-Side Request Forgery in Server Actions on custom servers',
101 silly audit report       severity: 'high',
101 silly audit report       vulnerable_versions: '>=14.1.1 <15.5.21',
101 silly audit report       cwe: [Array],
101 silly audit report       cvss: [Object]
101 silly audit report     },
101 silly audit report     {
101 silly audit report       id: 1124172,
101 silly audit report       url: 'https://github.com/advisories/GHSA-m99w-x7hq-7vfj',
101 silly audit report       title: 'Next.js: Denial of Service in App Router using Server Actions',
101 silly audit report       severity: 'high',
101 silly audit report       vulnerable_versions: '>=13.0.0 <15.5.21',
101 silly audit report       cwe: [Array],
101 silly audit report       cvss: [Object]
101 silly audit report     },
101 silly audit report     {
101 silly audit report       id: 1124187,
101 silly audit report       url: 'https://github.com/advisories/GHSA-68g3-v927-f742',
101 silly audit report       title: 'Next.js: Cache confusion of response bodies for requests with bodies',
101 silly audit report       severity: 'moderate',
101 silly audit report       vulnerable_versions: '>=13.0.0 <15.5.21',
101 silly audit report       cwe: [Array],
101 silly audit report       cvss: [Object]
101 silly audit report     },
101 silly audit report     {
101 silly audit report       id: 1124189,
101 silly audit report       url: 'https://github.com/advisories/GHSA-4633-3j49-mh5q',
101 silly audit report       title: 'Next.js: Cache confusion of response bodies for requests with bodies containing invalid UTF-8 byte sequences',
101 silly audit report       severity: 'moderate',
101 silly audit report       vulnerable_versions: '>=13.0.0 <15.5.21',
101 silly audit report       cwe: [Array],
101 silly audit report       cvss: [Object]
101 silly audit report     },
101 silly audit report     {
101 silly audit report       id: 1124191,
101 silly audit report       url: 'https://github.com/advisories/GHSA-4c39-4ccg-62r3',
101 silly audit report       title: 'Next.js: Unbounded Server Action payload in Edge runtime',
101 silly audit report       severity: 'moderate',
101 silly audit report       vulnerable_versions: '>=13.0.0 <15.5.21',
101 silly audit report       cwe: [Array],
101 silly audit report       cvss: [Object]
101 silly audit report     },
101 silly audit report     {
101 silly audit report       id: 1124193,
101 silly audit report       url: 'https://github.com/advisories/GHSA-p9j2-gv94-2wf4',
101 silly audit report       title: 'Next.js: Server-Side Request Forgery in rewrites via attacker-controlled destination hostname',
101 silly audit report       severity: 'high',
101 silly audit report       vulnerable_versions: '>=12.0.0 <15.5.21',
101 silly audit report       cwe: [Array],
101 silly audit report       cvss: [Object]
101 silly audit report     },
101 silly audit report     {
101 silly audit report       id: 1124197,
101 silly audit report       url: 'https://github.com/advisories/GHSA-955p-x3mx-jcvp',
101 silly audit report       title: 'Next.js: Unauthenticated disclosure of internal Server Function endpoints',
101 silly audit report       severity: 'moderate',
101 silly audit report       vulnerable_versions: '>=13.0.0 <15.5.21',
101 silly audit report       cwe: [Array],
101 silly audit report       cvss: [Object]
101 silly audit report     },
101 silly audit report     {
101 silly audit report       id: 1193677,
101 silly audit report       url: 'https://github.com/advisories/GHSA-p293-qw3h-jr36',
101 silly audit report       title: 'Next.js: Unauthenticated Remote Code Execution on windows-hosted servers',
101 silly audit report       severity: 'critical',
101 silly audit report       vulnerable_versions: '>=13.4.0 <15.5.24',
101 silly audit report       cwe: [Array],
101 silly audit report       cvss: [Object]
101 silly audit report     },
101 silly audit report     {
101 silly audit report       id: 1193733,
101 silly audit report       url: 'https://github.com/advisories/GHSA-2xp9-vwfh-vxw4',
101 silly audit report       title: 'Next.js: Unauthenticated Remote Code Execution in Image Optimization API when AVIF files are used',
101 silly audit report       severity: 'critical',
101 silly audit report       vulnerable_versions: '>=10.0.0 <15.5.24',
101 silly audit report       cwe: [Array],
101 silly audit report       cvss: [Object]
101 silly audit report     }
101 silly audit report   ]
101 silly audit report }
102 silly packumentCache corgi:https://registry.npmjs.org/postcss cache-miss
103 silly packumentCache corgi:https://registry.npmjs.org/sharp cache-miss
104 silly packumentCache corgi:https://registry.npmjs.org/next cache-miss
105 http fetch GET 200 https://registry.npmjs.org/postcss 58ms (cache revalidated)
106 silly packumentCache corgi:https://registry.npmjs.org/postcss set size:357674 disposed:false
107 http fetch GET 200 https://registry.npmjs.org/next 80ms (cache revalidated)
108 silly packumentCache corgi:https://registry.npmjs.org/next set size:25588775 disposed:false
109 http fetch GET 200 https://registry.npmjs.org/sharp 825ms (cache revalidated)
110 silly packumentCache corgi:https://registry.npmjs.org/sharp set size:304458 disposed:false
111 http fetch GET 200 https://registry.npmjs.org/@next/env/-/env-15.1.7.tgz 1121ms (cache miss)
112 http fetch GET 200 https://registry.npmjs.org/next/-/next-15.1.7.tgz 3374ms (cache miss)
113 warn deprecated next@15.1.7: This version has a security vulnerability. Please upgrade to a patched version. See https://nextjs.org/blog/CVE-2025-66478 for more details.
114 http fetch GET 200 https://registry.npmjs.org/@next/swc-darwin-arm64/-/swc-darwin-arm64-15.1.7.tgz 7470ms (cache miss)
115 silly CHANGE node_modules/next
116 silly CHANGE node_modules/@next/swc-darwin-arm64
117 silly CHANGE node_modules/@next/env
118 verbose cwd /Users/tejaspatel/Rajasthan Mahendi
119 verbose os Darwin 27.0.0
120 verbose node v24.11.1
121 verbose npm  v11.6.2
122 verbose exit 0
123 info ok
